/home/JunPyo/cube_tower/install/tower_builder/lib/python3.10/site-packages/tower_builder/main.py
/home/JunPyo/cube_tower/install/tower_builder/lib/python3.10/site-packages/tower_builder/v9.py
/home/JunPyo/cube_tower/install/tower_builder/lib/python3.10/site-packages/tower_builder/main_mod_hub.py
/home/JunPyo/cube_tower/install/tower_builder/lib/python3.10/site-packages/tower_builder/ui_node.py
/home/JunPyo/cube_tower/install/tower_builder/lib/python3.10/site-packages/tower_builder/vtest(데이터).py
/home/JunPyo/cube_tower/install/tower_builder/lib/python3.10/site-packages/tower_builder/vtest(데이터요약).py
/home/JunPyo/cube_tower/install/tower_builder/lib/python3.10/site-packages/tower_builder/gripper_drl_controller.py
/home/JunPyo/cube_tower/install/tower_builder/lib/python3.10/site-packages/tower_builder/__init__.py
/home/JunPyo/cube_tower/install/tower_builder/lib/python3.10/site-packages/tower_builder/junpyo.py
/home/JunPyo/cube_tower/install/tower_builder/lib/python3.10/site-packages/tower_builder/camera.py
/home/JunPyo/cube_tower/install/tower_builder/lib/python3.10/site-packages/tower_builder/camera_try.py
/home/JunPyo/cube_tower/install/tower_builder/lib/python3.10/site-packages/tower_builder/__pycache__/main.cpython-310.pyc
/home/JunPyo/cube_tower/install/tower_builder/lib/python3.10/site-packages/tower_builder/__pycache__/v9.cpython-310.pyc
/home/JunPyo/cube_tower/install/tower_builder/lib/python3.10/site-packages/tower_builder/__pycache__/main_mod_hub.cpython-310.pyc
/home/JunPyo/cube_tower/install/tower_builder/lib/python3.10/site-packages/tower_builder/__pycache__/ui_node.cpython-310.pyc
/home/JunPyo/cube_tower/install/tower_builder/lib/python3.10/site-packages/tower_builder/__pycache__/vtest(데이터).cpython-310.pyc
/home/JunPyo/cube_tower/install/tower_builder/lib/python3.10/site-packages/tower_builder/__pycache__/vtest(데이터요약).cpython-310.pyc
/home/JunPyo/cube_tower/install/tower_builder/lib/python3.10/site-packages/tower_builder/__pycache__/gripper_drl_controller.cpython-310.pyc
/home/JunPyo/cube_tower/install/tower_builder/lib/python3.10/site-packages/tower_builder/__pycache__/__init__.cpython-310.pyc
/home/JunPyo/cube_tower/install/tower_builder/lib/python3.10/site-packages/tower_builder/__pycache__/junpyo.cpython-310.pyc
/home/JunPyo/cube_tower/install/tower_builder/lib/python3.10/site-packages/tower_builder/__pycache__/camera.cpython-310.pyc
/home/JunPyo/cube_tower/install/tower_builder/lib/python3.10/site-packages/tower_builder/__pycache__/camera_try.cpython-310.pyc
/home/JunPyo/cube_tower/install/tower_builder/share/ament_index/resource_index/packages/tower_builder
/home/JunPyo/cube_tower/install/tower_builder/share/tower_builder/package.xml
/home/JunPyo/cube_tower/install/tower_builder/lib/python3.10/site-packages/tower_builder-0.0.0-py3.10.egg-info/dependency_links.txt
/home/JunPyo/cube_tower/install/tower_builder/lib/python3.10/site-packages/tower_builder-0.0.0-py3.10.egg-info/zip-safe
/home/JunPyo/cube_tower/install/tower_builder/lib/python3.10/site-packages/tower_builder-0.0.0-py3.10.egg-info/SOURCES.txt
/home/JunPyo/cube_tower/install/tower_builder/lib/python3.10/site-packages/tower_builder-0.0.0-py3.10.egg-info/requires.txt
/home/JunPyo/cube_tower/install/tower_builder/lib/python3.10/site-packages/tower_builder-0.0.0-py3.10.egg-info/PKG-INFO
/home/JunPyo/cube_tower/install/tower_builder/lib/python3.10/site-packages/tower_builder-0.0.0-py3.10.egg-info/entry_points.txt
/home/JunPyo/cube_tower/install/tower_builder/lib/python3.10/site-packages/tower_builder-0.0.0-py3.10.egg-info/top_level.txt
/home/JunPyo/cube_tower/install/tower_builder/lib/tower_builder/hub
/home/JunPyo/cube_tower/install/tower_builder/lib/tower_builder/stb
